../Core/Src/main.c:89:5:main	208	static
../Core/Src/main.c:194:6:SystemClock_Config	88	static
../Core/Src/main.c:240:13:MX_I2C1_Init	8	static
../Core/Src/main.c:274:13:MX_SPI1_Init	8	static
../Core/Src/main.c:312:13:MX_GPIO_Init	48	static
../Core/Src/main.c:364:6:blink_led_5_time	24	static
../Core/Src/main.c:393:6:acc_fetch	120	static
../Core/Src/main.c:418:6:tmp_fetch	120	static
../Core/Src/main.c:442:6:ledGreen	16	static
../Core/Src/main.c:461:6:ledOrange	16	static
../Core/Src/main.c:480:6:ledRed	16	static
../Core/Src/main.c:499:6:ledBlue	16	static
../Core/Src/main.c:519:6:HAL_TIM_PeriodElapsedCallback	16	static
../Core/Src/main.c:536:6:Error_Handler	4	static,ignoring_inline_asm
