../Core/Src/main.c:128:5:main	8	static
../Core/Src/main.c:227:6:SystemClock_Config	88	static
../Core/Src/main.c:273:13:MX_I2C1_Init	8	static
../Core/Src/main.c:307:13:MX_SPI1_Init	8	static
../Core/Src/main.c:345:13:MX_GPIO_Init	48	static
../Core/Src/main.c:397:6:blink_led_5_time	24	static
../Core/Src/main.c:427:6:acc_fetch	120	static
../Core/Src/main.c:452:6:tmp_fetch	120	static
../Core/Src/main.c:476:6:ledGreen	16	static
../Core/Src/main.c:495:6:ledOrange	16	static
../Core/Src/main.c:514:6:ledRed	16	static
../Core/Src/main.c:533:6:ledBlue	16	static
../Core/Src/main.c:553:6:HAL_TIM_PeriodElapsedCallback	16	static
../Core/Src/main.c:570:6:Error_Handler	4	static,ignoring_inline_asm
